{"timestamp":"2026-05-18T09:27:40.538Z","event":"dataChanged","sizeBytes":414,"entity":"PRODUCT","action":"UPDATE"}
{"timestamp":"2026-05-18T09:36:44.039Z","event":"dataChanged","sizeBytes":505,"entity":"PRODUCT","action":"UPDATE"}
{"timestamp":"2026-05-19T22:29:52.725Z","event":"dataChanged","sizeBytes":122,"entity":"ORDER","action":"UPDATE"}
{"timestamp":"2026-05-19T22:29:52.790Z","event":"dataChanged","sizeBytes":948,"entity":"INVENTORY","action":"UPDATE"}
{"timestamp":"2026-05-19T22:29:53.068Z","event":"dataChanged","sizeBytes":122,"entity":"ORDER","action":"UPDATE"}
{"timestamp":"2026-05-19T22:29:53.272Z","event":"dataChanged","sizeBytes":948,"entity":"INVENTORY","action":"UPDATE"}
{"timestamp":"2026-05-19T22:29:53.310Z","event":"dataChanged","sizeBytes":2872,"entity":"PRODUCT","action":"UPDATE"}
{"timestamp":"2026-05-19T22:29:53.406Z","event":"dataChanged","sizeBytes":2872,"entity":"PRODUCT","action":"UPDATE"}
{"timestamp":"2026-05-19T22:29:56.452Z","event":"dataChanged","sizeBytes":122,"entity":"ORDER","action":"UPDATE"}
{"timestamp":"2026-05-19T22:29:56.706Z","event":"dataChanged","sizeBytes":948,"entity":"INVENTORY","action":"UPDATE"}
{"timestamp":"2026-05-19T22:29:56.770Z","event":"dataChanged","sizeBytes":2872,"entity":"PRODUCT","action":"UPDATE"}
{"timestamp":"2026-05-19T22:54:49.207Z","event":"dataChanged","sizeBytes":353,"entity":"PRODUCT","action":"UPDATE"}
{"timestamp":"2026-05-19T23:24:02.767Z","event":"dataChanged","sizeBytes":481,"entity":"PRODUCT","action":"UPDATE"}
{"timestamp":"2026-05-19T23:24:18.456Z","event":"dataChanged","sizeBytes":153,"entity":"PRODUCT","action":"DELETE"}
{"timestamp":"2026-05-19T23:24:59.184Z","event":"dataChanged","sizeBytes":153,"entity":"PRODUCT","action":"DELETE"}
{"timestamp":"2026-05-19T23:30:20.979Z","event":"dataChanged","sizeBytes":141,"entity":"PRODUCT","action":"DELETE"}
{"timestamp":"2026-05-19T23:31:41.233Z","event":"dataChanged","sizeBytes":459,"entity":"PRODUCT","action":"UPDATE"}
{"timestamp":"2026-05-19T23:31:52.682Z","event":"dataChanged","sizeBytes":57,"entity":"INVENTORY_LOG","action":"CREATE"}
{"timestamp":"2026-05-19T23:31:52.682Z","event":"dataChanged","sizeBytes":233,"entity":"INVENTORY","action":"UPDATE"}
{"timestamp":"2026-05-19T23:32:36.768Z","event":"dataChanged","sizeBytes":57,"entity":"INVENTORY_LOG","action":"CREATE"}
{"timestamp":"2026-05-19T23:32:36.769Z","event":"dataChanged","sizeBytes":233,"entity":"INVENTORY","action":"UPDATE"}
{"timestamp":"2026-05-20T01:30:15.519Z","event":"dataChanged","sizeBytes":459,"entity":"PRODUCT","action":"UPDATE"}
{"timestamp":"2026-05-20T08:24:35.338Z","event":"dataChanged","sizeBytes":1043,"entity":"ORDER","action":"CREATE"}
{"timestamp":"2026-05-20T08:24:35.340Z","event":"dataChanged","sizeBytes":71,"entity":"WALLET","action":"UPDATE"}
{"timestamp":"2026-05-20T08:25:10.398Z","event":"dataChanged","sizeBytes":1051,"entity":"ORDER","action":"UPDATE"}
{"timestamp":"2026-05-20T08:25:10.454Z","event":"dataChanged","sizeBytes":772,"entity":"INVENTORY","action":"UPDATE"}
{"timestamp":"2026-05-20T08:25:11.196Z","event":"dataChanged","sizeBytes":2184,"entity":"PRODUCT","action":"UPDATE"}
{"timestamp":"2026-05-20T09:26:08.985Z","event":"dataChanged","sizeBytes":394,"entity":"MACHINE","action":"UPDATE"}
{"timestamp":"2026-05-20T09:30:05.272Z","event":"dataChanged","sizeBytes":1063,"entity":"ORDER","action":"UPDATE"}
{"timestamp":"2026-05-20T09:30:05.457Z","event":"dataChanged","sizeBytes":772,"entity":"INVENTORY","action":"UPDATE"}
{"timestamp":"2026-05-20T09:30:06.184Z","event":"dataChanged","sizeBytes":2184,"entity":"PRODUCT","action":"UPDATE"}
{"timestamp":"2026-05-20T09:35:17.933Z","event":"dataChanged","sizeBytes":1057,"entity":"ORDER","action":"CREATE"}
{"timestamp":"2026-05-20T09:35:17.934Z","event":"dataChanged","sizeBytes":77,"entity":"WALLET","action":"UPDATE"}
{"timestamp":"2026-05-20T09:47:16.404Z","event":"dataChanged","sizeBytes":393,"entity":"MACHINE","action":"UPDATE"}
{"timestamp":"2026-05-20T09:47:16.778Z","event":"dataChanged","sizeBytes":393,"entity":"MACHINE","action":"UPDATE"}
{"timestamp":"2026-05-20T09:47:42.326Z","event":"dataChanged","sizeBytes":1435,"entity":"ORDER","action":"UPDATE"}
{"timestamp":"2026-05-20T09:47:42.451Z","event":"dataChanged","sizeBytes":772,"entity":"INVENTORY","action":"UPDATE"}
{"timestamp":"2026-05-20T09:47:44.520Z","event":"dataChanged","sizeBytes":2184,"entity":"PRODUCT","action":"UPDATE"}
{"timestamp":"2026-05-20T09:50:38.322Z","event":"dataChanged","sizeBytes":1103,"entity":"ORDER","action":"UPDATE"}
{"timestamp":"2026-05-20T09:50:38.385Z","event":"dataChanged","sizeBytes":772,"entity":"INVENTORY","action":"UPDATE"}
{"timestamp":"2026-05-20T09:50:39.088Z","event":"dataChanged","sizeBytes":2184,"entity":"PRODUCT","action":"UPDATE"}
{"timestamp":"2026-05-20T09:51:08.468Z","event":"dataChanged","sizeBytes":399,"entity":"MACHINE","action":"UPDATE"}
{"timestamp":"2026-05-20T09:51:08.838Z","event":"dataChanged","sizeBytes":399,"entity":"MACHINE","action":"UPDATE"}
{"timestamp":"2026-05-20T12:04:40.660Z","event":"dataChanged","sizeBytes":1254,"entity":"ORDER","action":"CREATE"}
{"timestamp":"2026-05-20T12:04:40.660Z","event":"dataChanged","sizeBytes":77,"entity":"WALLET","action":"UPDATE"}
{"timestamp":"2026-05-20T12:04:47.285Z","event":"dataChanged","sizeBytes":1235,"entity":"ORDER","action":"CREATE"}
{"timestamp":"2026-05-20T12:04:47.285Z","event":"dataChanged","sizeBytes":77,"entity":"WALLET","action":"UPDATE"}
{"timestamp":"2026-05-20T12:44:49.428Z","event":"dataChanged","sizeBytes":400,"entity":"MACHINE","action":"UPDATE"}
{"timestamp":"2026-05-20T12:44:53.083Z","event":"dataChanged","sizeBytes":393,"entity":"MACHINE","action":"UPDATE"}
{"timestamp":"2026-05-20T12:44:55.717Z","event":"dataChanged","sizeBytes":396,"entity":"MACHINE","action":"UPDATE"}
{"timestamp":"2026-05-20T12:48:37.883Z","event":"dataChanged","sizeBytes":1235,"entity":"ORDER","action":"CREATE"}
{"timestamp":"2026-05-20T12:48:37.884Z","event":"dataChanged","sizeBytes":77,"entity":"WALLET","action":"UPDATE"}
{"timestamp":"2026-05-20T12:48:48.238Z","event":"dataChanged","sizeBytes":1234,"entity":"ORDER","action":"CREATE"}
{"timestamp":"2026-05-20T12:48:48.238Z","event":"dataChanged","sizeBytes":77,"entity":"WALLET","action":"UPDATE"}
{"timestamp":"2026-05-20T12:50:40.498Z","event":"dataChanged","sizeBytes":271,"entity":"MACHINE","action":"CREATE"}
{"timestamp":"2026-05-20T14:10:39.527Z","event":"dataChanged","sizeBytes":274,"entity":"MACHINE","action":"UPDATE"}
{"timestamp":"2026-05-20T14:10:41.721Z","event":"dataChanged","sizeBytes":271,"entity":"MACHINE","action":"UPDATE"}
{"timestamp":"2026-05-20T14:10:50.647Z","event":"dataChanged","sizeBytes":1244,"entity":"ORDER","action":"UPDATE"}
{"timestamp":"2026-05-20T14:10:50.710Z","event":"dataChanged","sizeBytes":772,"entity":"INVENTORY","action":"UPDATE"}
{"timestamp":"2026-05-20T14:10:53.061Z","event":"dataChanged","sizeBytes":2184,"entity":"PRODUCT","action":"UPDATE"}
{"timestamp":"2026-05-20T14:11:10.348Z","event":"dataChanged","sizeBytes":1242,"entity":"ORDER","action":"UPDATE"}
{"timestamp":"2026-05-20T14:11:10.407Z","event":"dataChanged","sizeBytes":772,"entity":"INVENTORY","action":"UPDATE"}
{"timestamp":"2026-05-20T14:11:12.339Z","event":"dataChanged","sizeBytes":2184,"entity":"PRODUCT","action":"UPDATE"}
{"timestamp":"2026-05-20T14:49:39.837Z","event":"dataChanged","sizeBytes":396,"entity":"MACHINE","action":"UPDATE"}
{"timestamp":"2026-05-20T14:49:44.849Z","event":"dataChanged","sizeBytes":274,"entity":"MACHINE","action":"UPDATE"}
{"timestamp":"2026-05-20T14:49:47.762Z","event":"dataChanged","sizeBytes":399,"entity":"MACHINE","action":"UPDATE"}
{"timestamp":"2026-05-20T14:49:52.187Z","event":"dataChanged","sizeBytes":271,"entity":"MACHINE","action":"UPDATE"}
{"timestamp":"2026-05-20T15:38:01.547Z","event":"dataChanged","sizeBytes":1577,"entity":"ORDER","action":"UPDATE"}
{"timestamp":"2026-05-20T15:38:01.668Z","event":"dataChanged","sizeBytes":772,"entity":"INVENTORY","action":"UPDATE"}
{"timestamp":"2026-05-20T15:38:04.843Z","event":"dataChanged","sizeBytes":2184,"entity":"PRODUCT","action":"UPDATE"}
{"timestamp":"2026-05-20T15:54:24.012Z","event":"dataChanged","sizeBytes":1610,"entity":"ORDER","action":"UPDATE"}
{"timestamp":"2026-05-20T15:54:24.076Z","event":"dataChanged","sizeBytes":772,"entity":"INVENTORY","action":"UPDATE"}
{"timestamp":"2026-05-20T15:54:26.324Z","event":"dataChanged","sizeBytes":2184,"entity":"PRODUCT","action":"UPDATE"}
{"timestamp":"2026-05-20T15:55:29.655Z","event":"dataChanged","sizeBytes":1578,"entity":"ORDER","action":"UPDATE"}
{"timestamp":"2026-05-20T15:55:29.778Z","event":"dataChanged","sizeBytes":772,"entity":"INVENTORY","action":"UPDATE"}
{"timestamp":"2026-05-20T15:55:33.110Z","event":"dataChanged","sizeBytes":1610,"entity":"ORDER","action":"UPDATE"}
{"timestamp":"2026-05-20T15:55:33.427Z","event":"dataChanged","sizeBytes":772,"entity":"INVENTORY","action":"UPDATE"}
{"timestamp":"2026-05-20T15:55:33.506Z","event":"dataChanged","sizeBytes":1610,"entity":"ORDER","action":"UPDATE"}
{"timestamp":"2026-05-20T15:55:33.621Z","event":"dataChanged","sizeBytes":2184,"entity":"PRODUCT","action":"UPDATE"}
{"timestamp":"2026-05-20T15:55:33.691Z","event":"dataChanged","sizeBytes":1610,"entity":"ORDER","action":"UPDATE"}
{"timestamp":"2026-05-20T15:55:33.815Z","event":"dataChanged","sizeBytes":772,"entity":"INVENTORY","action":"UPDATE"}
{"timestamp":"2026-05-20T15:55:33.940Z","event":"dataChanged","sizeBytes":772,"entity":"INVENTORY","action":"UPDATE"}
{"timestamp":"2026-05-20T15:55:37.061Z","event":"dataChanged","sizeBytes":2184,"entity":"PRODUCT","action":"UPDATE"}
{"timestamp":"2026-05-20T15:55:37.142Z","event":"dataChanged","sizeBytes":2184,"entity":"PRODUCT","action":"UPDATE"}
{"timestamp":"2026-05-20T15:55:37.435Z","event":"dataChanged","sizeBytes":2184,"entity":"PRODUCT","action":"UPDATE"}
{"timestamp":"2026-05-20T15:55:53.980Z","event":"dataChanged","sizeBytes":1578,"entity":"ORDER","action":"UPDATE"}
{"timestamp":"2026-05-20T15:55:54.040Z","event":"dataChanged","sizeBytes":772,"entity":"INVENTORY","action":"UPDATE"}
{"timestamp":"2026-05-20T15:55:56.858Z","event":"dataChanged","sizeBytes":1433,"entity":"ORDER","action":"UPDATE"}
{"timestamp":"2026-05-20T15:55:56.978Z","event":"dataChanged","sizeBytes":2184,"entity":"PRODUCT","action":"UPDATE"}
{"timestamp":"2026-05-20T15:55:57.102Z","event":"dataChanged","sizeBytes":772,"entity":"INVENTORY","action":"UPDATE"}
{"timestamp":"2026-05-20T15:55:57.621Z","event":"dataChanged","sizeBytes":1433,"entity":"ORDER","action":"UPDATE"}
{"timestamp":"2026-05-20T15:55:57.756Z","event":"dataChanged","sizeBytes":773,"entity":"INVENTORY","action":"UPDATE"}
{"timestamp":"2026-05-20T15:55:58.000Z","event":"dataChanged","sizeBytes":1433,"entity":"ORDER","action":"UPDATE"}
{"timestamp":"2026-05-20T15:55:58.537Z","event":"dataChanged","sizeBytes":773,"entity":"INVENTORY","action":"UPDATE"}
{"timestamp":"2026-05-20T15:55:59.653Z","event":"dataChanged","sizeBytes":2180,"entity":"PRODUCT","action":"UPDATE"}
{"timestamp":"2026-05-20T15:56:00.051Z","event":"dataChanged","sizeBytes":2180,"entity":"PRODUCT","action":"UPDATE"}
{"timestamp":"2026-05-20T15:56:00.201Z","event":"dataChanged","sizeBytes":2180,"entity":"PRODUCT","action":"UPDATE"}
{"timestamp":"2026-05-20T15:56:21.959Z","event":"dataChanged","sizeBytes":1401,"entity":"ORDER","action":"UPDATE"}
{"timestamp":"2026-05-20T15:56:22.027Z","event":"dataChanged","sizeBytes":773,"entity":"INVENTORY","action":"UPDATE"}
{"timestamp":"2026-05-20T15:56:23.352Z","event":"dataChanged","sizeBytes":2180,"entity":"PRODUCT","action":"UPDATE"}
{"timestamp":"2026-05-20T15:57:07.958Z","event":"dataChanged","sizeBytes":1485,"entity":"ORDER","action":"CREATE"}
{"timestamp":"2026-05-20T15:57:07.959Z","event":"dataChanged","sizeBytes":77,"entity":"WALLET","action":"UPDATE"}
{"timestamp":"2026-05-20T15:57:10.139Z","event":"dataChanged","sizeBytes":1861,"entity":"ORDER","action":"UPDATE"}
{"timestamp":"2026-05-20T15:57:10.205Z","event":"dataChanged","sizeBytes":773,"entity":"INVENTORY","action":"UPDATE"}
{"timestamp":"2026-05-20T15:57:11.652Z","event":"dataChanged","sizeBytes":2179,"entity":"PRODUCT","action":"UPDATE"}
{"timestamp":"2026-05-20T15:57:31.734Z","event":"dataChanged","sizeBytes":1040,"entity":"ORDER","action":"CREATE"}
{"timestamp":"2026-05-20T15:57:31.735Z","event":"dataChanged","sizeBytes":77,"entity":"WALLET","action":"UPDATE"}
{"timestamp":"2026-05-20T16:07:22.964Z","event":"dataChanged","sizeBytes":403,"entity":"MACHINE","action":"UPDATE"}
{"timestamp":"2026-05-20T16:07:24.611Z","event":"dataChanged","sizeBytes":1820,"entity":"ORDER","action":"UPDATE"}
{"timestamp":"2026-05-20T16:07:24.673Z","event":"dataChanged","sizeBytes":773,"entity":"INVENTORY","action":"UPDATE"}
{"timestamp":"2026-05-20T16:07:26.787Z","event":"dataChanged","sizeBytes":2179,"entity":"PRODUCT","action":"UPDATE"}
{"timestamp":"2026-05-20T16:07:29.813Z","event":"dataChanged","sizeBytes":274,"entity":"MACHINE","action":"UPDATE"}
{"timestamp":"2026-05-20T16:07:31.377Z","event":"dataChanged","sizeBytes":1413,"entity":"ORDER","action":"UPDATE"}
{"timestamp":"2026-05-20T16:07:31.438Z","event":"dataChanged","sizeBytes":773,"entity":"INVENTORY","action":"UPDATE"}
{"timestamp":"2026-05-20T16:07:33.114Z","event":"dataChanged","sizeBytes":2179,"entity":"PRODUCT","action":"UPDATE"}
{"timestamp":"2026-05-20T16:07:40.516Z","event":"dataChanged","sizeBytes":1381,"entity":"ORDER","action":"UPDATE"}
{"timestamp":"2026-05-20T16:07:40.577Z","event":"dataChanged","sizeBytes":773,"entity":"INVENTORY","action":"UPDATE"}
{"timestamp":"2026-05-20T16:07:42.311Z","event":"dataChanged","sizeBytes":1505,"entity":"ORDER","action":"UPDATE"}
{"timestamp":"2026-05-20T16:07:42.710Z","event":"dataChanged","sizeBytes":1505,"entity":"ORDER","action":"UPDATE"}
{"timestamp":"2026-05-20T16:07:43.064Z","event":"dataChanged","sizeBytes":1505,"entity":"ORDER","action":"UPDATE"}
{"timestamp":"2026-05-20T16:07:43.254Z","event":"dataChanged","sizeBytes":2179,"entity":"PRODUCT","action":"UPDATE"}
{"timestamp":"2026-05-20T16:07:43.749Z","event":"dataChanged","sizeBytes":1505,"entity":"ORDER","action":"UPDATE"}
{"timestamp":"2026-05-20T16:07:44.115Z","event":"dataChanged","sizeBytes":1505,"entity":"ORDER","action":"UPDATE"}
{"timestamp":"2026-05-20T16:07:44.843Z","event":"dataChanged","sizeBytes":1505,"entity":"ORDER","action":"UPDATE"}
{"timestamp":"2026-05-20T16:07:45.234Z","event":"dataChanged","sizeBytes":1505,"entity":"ORDER","action":"UPDATE"}
{"timestamp":"2026-05-20T16:07:45.603Z","event":"dataChanged","sizeBytes":1505,"entity":"ORDER","action":"UPDATE"}
{"timestamp":"2026-05-20T16:07:46.092Z","event":"dataChanged","sizeBytes":1505,"entity":"ORDER","action":"UPDATE"}
{"timestamp":"2026-05-20T16:07:46.446Z","event":"dataChanged","sizeBytes":1505,"entity":"ORDER","action":"UPDATE"}
{"timestamp":"2026-05-20T16:07:46.885Z","event":"dataChanged","sizeBytes":1505,"entity":"ORDER","action":"UPDATE"}
{"timestamp":"2026-05-20T16:07:47.323Z","event":"dataChanged","sizeBytes":1505,"entity":"ORDER","action":"UPDATE"}
{"timestamp":"2026-05-20T16:07:47.888Z","event":"dataChanged","sizeBytes":1505,"entity":"ORDER","action":"UPDATE"}
{"timestamp":"2026-05-20T16:07:48.506Z","event":"dataChanged","sizeBytes":1505,"entity":"ORDER","action":"UPDATE"}
{"timestamp":"2026-05-20T16:07:48.883Z","event":"dataChanged","sizeBytes":1505,"entity":"ORDER","action":"UPDATE"}
{"timestamp":"2026-05-20T16:07:49.417Z","event":"dataChanged","sizeBytes":1505,"entity":"ORDER","action":"UPDATE"}
{"timestamp":"2026-05-20T16:07:49.753Z","event":"dataChanged","sizeBytes":1505,"entity":"ORDER","action":"UPDATE"}
{"timestamp":"2026-05-20T16:07:50.186Z","event":"dataChanged","sizeBytes":1505,"entity":"ORDER","action":"UPDATE"}
{"timestamp":"2026-05-20T16:07:50.611Z","event":"dataChanged","sizeBytes":1505,"entity":"ORDER","action":"UPDATE"}
{"timestamp":"2026-05-20T16:07:51.065Z","event":"dataChanged","sizeBytes":1505,"entity":"ORDER","action":"UPDATE"}
{"timestamp":"2026-05-20T16:07:51.720Z","event":"dataChanged","sizeBytes":1505,"entity":"ORDER","action":"UPDATE"}
{"timestamp":"2026-05-20T16:07:52.105Z","event":"dataChanged","sizeBytes":1505,"entity":"ORDER","action":"UPDATE"}
{"timestamp":"2026-05-20T16:07:52.580Z","event":"dataChanged","sizeBytes":1505,"entity":"ORDER","action":"UPDATE"}
{"timestamp":"2026-05-20T16:07:52.966Z","event":"dataChanged","sizeBytes":1505,"entity":"ORDER","action":"UPDATE"}
{"timestamp":"2026-05-20T16:07:53.574Z","event":"dataChanged","sizeBytes":1505,"entity":"ORDER","action":"UPDATE"}
{"timestamp":"2026-05-20T16:07:54.014Z","event":"dataChanged","sizeBytes":1505,"entity":"ORDER","action":"UPDATE"}
{"timestamp":"2026-05-20T16:07:54.514Z","event":"dataChanged","sizeBytes":1505,"entity":"ORDER","action":"UPDATE"}
{"timestamp":"2026-05-20T16:07:55.006Z","event":"dataChanged","sizeBytes":1505,"entity":"ORDER","action":"UPDATE"}
{"timestamp":"2026-05-20T16:07:55.705Z","event":"dataChanged","sizeBytes":1505,"entity":"ORDER","action":"UPDATE"}
{"timestamp":"2026-05-20T16:07:56.119Z","event":"dataChanged","sizeBytes":1505,"entity":"ORDER","action":"UPDATE"}
{"timestamp":"2026-05-20T16:07:56.602Z","event":"dataChanged","sizeBytes":1505,"entity":"ORDER","action":"UPDATE"}
{"timestamp":"2026-05-20T16:07:56.991Z","event":"dataChanged","sizeBytes":1505,"entity":"ORDER","action":"UPDATE"}
{"timestamp":"2026-05-20T16:07:57.510Z","event":"dataChanged","sizeBytes":1505,"entity":"ORDER","action":"UPDATE"}
{"timestamp":"2026-05-20T16:07:57.910Z","event":"dataChanged","sizeBytes":1505,"entity":"ORDER","action":"UPDATE"}
{"timestamp":"2026-05-20T16:07:58.298Z","event":"dataChanged","sizeBytes":1505,"entity":"ORDER","action":"UPDATE"}
{"timestamp":"2026-05-20T16:07:58.977Z","event":"dataChanged","sizeBytes":1505,"entity":"ORDER","action":"UPDATE"}
{"timestamp":"2026-05-20T16:07:59.396Z","event":"dataChanged","sizeBytes":1505,"entity":"ORDER","action":"UPDATE"}
{"timestamp":"2026-05-20T16:07:59.777Z","event":"dataChanged","sizeBytes":1505,"entity":"ORDER","action":"UPDATE"}
{"timestamp":"2026-05-20T16:08:00.291Z","event":"dataChanged","sizeBytes":1505,"entity":"ORDER","action":"UPDATE"}
{"timestamp":"2026-05-20T16:08:00.646Z","event":"dataChanged","sizeBytes":1505,"entity":"ORDER","action":"UPDATE"}
{"timestamp":"2026-05-20T16:08:01.071Z","event":"dataChanged","sizeBytes":1505,"entity":"ORDER","action":"UPDATE"}
{"timestamp":"2026-05-20T16:08:01.528Z","event":"dataChanged","sizeBytes":1505,"entity":"ORDER","action":"UPDATE"}
{"timestamp":"2026-05-20T16:08:01.990Z","event":"dataChanged","sizeBytes":1505,"entity":"ORDER","action":"UPDATE"}
{"timestamp":"2026-05-20T16:08:02.688Z","event":"dataChanged","sizeBytes":1505,"entity":"ORDER","action":"UPDATE"}
{"timestamp":"2026-05-20T16:08:02.995Z","event":"dataChanged","sizeBytes":1505,"entity":"ORDER","action":"UPDATE"}
{"timestamp":"2026-05-20T16:08:03.447Z","event":"dataChanged","sizeBytes":1505,"entity":"ORDER","action":"UPDATE"}
{"timestamp":"2026-05-20T16:08:03.912Z","event":"dataChanged","sizeBytes":1505,"entity":"ORDER","action":"UPDATE"}
{"timestamp":"2026-05-20T16:08:04.246Z","event":"dataChanged","sizeBytes":1505,"entity":"ORDER","action":"UPDATE"}
{"timestamp":"2026-05-20T16:08:04.744Z","event":"dataChanged","sizeBytes":1505,"entity":"ORDER","action":"UPDATE"}
{"timestamp":"2026-05-20T16:08:05.108Z","event":"dataChanged","sizeBytes":1505,"entity":"ORDER","action":"UPDATE"}
{"timestamp":"2026-05-20T16:08:05.578Z","event":"dataChanged","sizeBytes":1505,"entity":"ORDER","action":"UPDATE"}
{"timestamp":"2026-05-20T16:08:06.229Z","event":"dataChanged","sizeBytes":1505,"entity":"ORDER","action":"UPDATE"}
{"timestamp":"2026-05-20T16:08:06.622Z","event":"dataChanged","sizeBytes":1505,"entity":"ORDER","action":"UPDATE"}
{"timestamp":"2026-05-20T16:08:07.061Z","event":"dataChanged","sizeBytes":1505,"entity":"ORDER","action":"UPDATE"}
{"timestamp":"2026-05-20T16:08:07.525Z","event":"dataChanged","sizeBytes":1505,"entity":"ORDER","action":"UPDATE"}
{"timestamp":"2026-05-20T16:08:07.905Z","event":"dataChanged","sizeBytes":1505,"entity":"ORDER","action":"UPDATE"}
{"timestamp":"2026-05-20T16:08:08.281Z","event":"dataChanged","sizeBytes":1505,"entity":"ORDER","action":"UPDATE"}
{"timestamp":"2026-05-20T16:08:08.891Z","event":"dataChanged","sizeBytes":1505,"entity":"ORDER","action":"UPDATE"}
{"timestamp":"2026-05-20T16:08:09.384Z","event":"dataChanged","sizeBytes":1505,"entity":"ORDER","action":"UPDATE"}
{"timestamp":"2026-05-20T16:08:10.061Z","event":"dataChanged","sizeBytes":1505,"entity":"ORDER","action":"UPDATE"}
{"timestamp":"2026-05-20T16:08:10.490Z","event":"dataChanged","sizeBytes":1505,"entity":"ORDER","action":"UPDATE"}
{"timestamp":"2026-05-20T16:08:10.930Z","event":"dataChanged","sizeBytes":1505,"entity":"ORDER","action":"UPDATE"}
{"timestamp":"2026-05-20T16:08:11.399Z","event":"dataChanged","sizeBytes":1505,"entity":"ORDER","action":"UPDATE"}
{"timestamp":"2026-05-20T16:08:11.922Z","event":"dataChanged","sizeBytes":1505,"entity":"ORDER","action":"UPDATE"}
{"timestamp":"2026-05-20T16:08:12.294Z","event":"dataChanged","sizeBytes":1505,"entity":"ORDER","action":"UPDATE"}
{"timestamp":"2026-05-20T16:08:12.842Z","event":"dataChanged","sizeBytes":1505,"entity":"ORDER","action":"UPDATE"}
{"timestamp":"2026-05-20T16:08:13.264Z","event":"dataChanged","sizeBytes":1505,"entity":"ORDER","action":"UPDATE"}
{"timestamp":"2026-05-20T16:08:13.880Z","event":"dataChanged","sizeBytes":1505,"entity":"ORDER","action":"UPDATE"}
{"timestamp":"2026-05-20T16:08:14.338Z","event":"dataChanged","sizeBytes":1505,"entity":"ORDER","action":"UPDATE"}
{"timestamp":"2026-05-20T16:08:14.695Z","event":"dataChanged","sizeBytes":1505,"entity":"ORDER","action":"UPDATE"}
{"timestamp":"2026-05-20T16:08:15.142Z","event":"dataChanged","sizeBytes":1505,"entity":"ORDER","action":"UPDATE"}
{"timestamp":"2026-05-20T16:08:15.580Z","event":"dataChanged","sizeBytes":1505,"entity":"ORDER","action":"UPDATE"}
{"timestamp":"2026-05-20T16:08:15.952Z","event":"dataChanged","sizeBytes":1505,"entity":"ORDER","action":"UPDATE"}
{"timestamp":"2026-05-20T16:08:16.458Z","event":"dataChanged","sizeBytes":1505,"entity":"ORDER","action":"UPDATE"}
{"timestamp":"2026-05-20T16:08:17.301Z","event":"dataChanged","sizeBytes":1505,"entity":"ORDER","action":"UPDATE"}
{"timestamp":"2026-05-20T16:08:17.689Z","event":"dataChanged","sizeBytes":1505,"entity":"ORDER","action":"UPDATE"}
{"timestamp":"2026-05-20T16:08:18.531Z","event":"dataChanged","sizeBytes":1505,"entity":"ORDER","action":"UPDATE"}
{"timestamp":"2026-05-20T16:08:19.489Z","event":"dataChanged","sizeBytes":1505,"entity":"ORDER","action":"UPDATE"}
{"timestamp":"2026-05-20T16:08:20.579Z","event":"dataChanged","sizeBytes":1505,"entity":"ORDER","action":"UPDATE"}
{"timestamp":"2026-05-20T16:08:21.726Z","event":"dataChanged","sizeBytes":1505,"entity":"ORDER","action":"UPDATE"}
{"timestamp":"2026-05-20T16:08:22.899Z","event":"dataChanged","sizeBytes":1505,"entity":"ORDER","action":"UPDATE"}
{"timestamp":"2026-05-20T16:08:24.110Z","event":"dataChanged","sizeBytes":1505,"entity":"ORDER","action":"UPDATE"}
{"timestamp":"2026-05-20T16:08:25.201Z","event":"dataChanged","sizeBytes":1505,"entity":"ORDER","action":"UPDATE"}
{"timestamp":"2026-05-20T16:08:26.626Z","event":"dataChanged","sizeBytes":1505,"entity":"ORDER","action":"UPDATE"}
{"timestamp":"2026-05-20T16:08:28.071Z","event":"dataChanged","sizeBytes":1505,"entity":"ORDER","action":"UPDATE"}
{"timestamp":"2026-05-20T16:08:29.252Z","event":"dataChanged","sizeBytes":1505,"entity":"ORDER","action":"UPDATE"}
{"timestamp":"2026-05-20T16:08:30.664Z","event":"dataChanged","sizeBytes":1505,"entity":"ORDER","action":"UPDATE"}
{"timestamp":"2026-05-20T16:08:32.218Z","event":"dataChanged","sizeBytes":1505,"entity":"ORDER","action":"UPDATE"}
{"timestamp":"2026-05-20T16:08:33.825Z","event":"dataChanged","sizeBytes":1505,"entity":"ORDER","action":"UPDATE"}
{"timestamp":"2026-05-20T16:12:59.577Z","event":"dataChanged","sizeBytes":1505,"entity":"ORDER","action":"UPDATE"}
{"timestamp":"2026-05-20T16:14:54.574Z","event":"dataChanged","sizeBytes":399,"entity":"MACHINE","action":"UPDATE"}
{"timestamp":"2026-05-20T16:14:57.167Z","event":"dataChanged","sizeBytes":278,"entity":"MACHINE","action":"UPDATE"}
{"timestamp":"2026-05-20T16:15:00.099Z","event":"dataChanged","sizeBytes":274,"entity":"MACHINE","action":"UPDATE"}
{"timestamp":"2026-05-20T16:15:02.490Z","event":"dataChanged","sizeBytes":278,"entity":"MACHINE","action":"UPDATE"}
{"timestamp":"2026-05-20T16:15:03.996Z","event":"dataChanged","sizeBytes":403,"entity":"MACHINE","action":"UPDATE"}
{"timestamp":"2026-05-20T16:15:07.653Z","event":"dataChanged","sizeBytes":274,"entity":"MACHINE","action":"UPDATE"}
{"timestamp":"2026-05-20T16:15:32.664Z","event":"dataChanged","sizeBytes":1372,"entity":"ORDER","action":"UPDATE"}
{"timestamp":"2026-05-20T16:15:32.722Z","event":"dataChanged","sizeBytes":773,"entity":"INVENTORY","action":"UPDATE"}
{"timestamp":"2026-05-20T16:15:35.965Z","event":"dataChanged","sizeBytes":1413,"entity":"ORDER","action":"UPDATE"}
{"timestamp":"2026-05-20T16:15:36.129Z","event":"dataChanged","sizeBytes":773,"entity":"INVENTORY","action":"UPDATE"}
{"timestamp":"2026-05-20T16:15:36.656Z","event":"dataChanged","sizeBytes":1413,"entity":"ORDER","action":"UPDATE"}
{"timestamp":"2026-05-20T16:15:36.673Z","event":"dataChanged","sizeBytes":2179,"entity":"PRODUCT","action":"UPDATE"}
{"timestamp":"2026-05-20T16:15:36.774Z","event":"dataChanged","sizeBytes":773,"entity":"INVENTORY","action":"UPDATE"}
{"timestamp":"2026-05-20T16:15:37.219Z","event":"dataChanged","sizeBytes":1413,"entity":"ORDER","action":"UPDATE"}
{"timestamp":"2026-05-20T16:15:37.414Z","event":"dataChanged","sizeBytes":773,"entity":"INVENTORY","action":"UPDATE"}
{"timestamp":"2026-05-20T16:15:39.320Z","event":"dataChanged","sizeBytes":2179,"entity":"PRODUCT","action":"UPDATE"}
{"timestamp":"2026-05-20T16:15:39.588Z","event":"dataChanged","sizeBytes":2179,"entity":"PRODUCT","action":"UPDATE"}
{"timestamp":"2026-05-20T16:15:40.028Z","event":"dataChanged","sizeBytes":2179,"entity":"PRODUCT","action":"UPDATE"}
{"timestamp":"2026-05-20T16:18:18.715Z","event":"dataChanged","sizeBytes":399,"entity":"MACHINE","action":"UPDATE"}
{"timestamp":"2026-05-20T22:29:25.093Z","event":"dataChanged","sizeBytes":1420,"entity":"ORDER","action":"UPDATE"}
{"timestamp":"2026-05-20T22:29:25.219Z","event":"dataChanged","sizeBytes":773,"entity":"INVENTORY","action":"UPDATE"}
{"timestamp":"2026-05-20T22:29:26.595Z","event":"dataChanged","sizeBytes":2179,"entity":"PRODUCT","action":"UPDATE"}
{"timestamp":"2026-05-20T22:30:28.995Z","event":"dataChanged","sizeBytes":281,"entity":"MACHINE","action":"UPDATE"}
{"timestamp":"2026-05-20T22:30:30.122Z","event":"dataChanged","sizeBytes":1379,"entity":"ORDER","action":"UPDATE"}
{"timestamp":"2026-05-20T22:30:30.184Z","event":"dataChanged","sizeBytes":773,"entity":"INVENTORY","action":"UPDATE"}
{"timestamp":"2026-05-20T22:30:31.573Z","event":"dataChanged","sizeBytes":2179,"entity":"PRODUCT","action":"UPDATE"}
{"timestamp":"2026-05-20T22:32:39.437Z","event":"dataChanged","sizeBytes":396,"entity":"MACHINE","action":"UPDATE"}
{"timestamp":"2026-05-20T23:11:52.925Z","event":"dataChanged","sizeBytes":274,"entity":"MACHINE","action":"UPDATE"}
{"timestamp":"2026-05-20T23:14:35.012Z","event":"dataChanged","sizeBytes":396,"entity":"MACHINE","action":"UPDATE"}
{"timestamp":"2026-05-20T23:15:31.502Z","event":"dataChanged","sizeBytes":274,"entity":"MACHINE","action":"UPDATE"}
{"timestamp":"2026-05-20T23:24:57.125Z","event":"dataChanged","sizeBytes":57,"entity":"INVENTORY_LOG","action":"CREATE"}
{"timestamp":"2026-05-20T23:24:57.125Z","event":"dataChanged","sizeBytes":233,"entity":"INVENTORY","action":"UPDATE"}
{"timestamp":"2026-05-20T23:25:00.744Z","event":"dataChanged","sizeBytes":57,"entity":"INVENTORY_LOG","action":"CREATE"}
{"timestamp":"2026-05-20T23:25:00.745Z","event":"dataChanged","sizeBytes":233,"entity":"INVENTORY","action":"UPDATE"}
{"timestamp":"2026-05-20T23:25:02.280Z","event":"dataChanged","sizeBytes":57,"entity":"INVENTORY_LOG","action":"CREATE"}
{"timestamp":"2026-05-20T23:25:02.280Z","event":"dataChanged","sizeBytes":233,"entity":"INVENTORY","action":"UPDATE"}
{"timestamp":"2026-05-20T23:25:12.442Z","event":"dataChanged","sizeBytes":57,"entity":"INVENTORY_LOG","action":"CREATE"}
{"timestamp":"2026-05-20T23:25:12.443Z","event":"dataChanged","sizeBytes":236,"entity":"INVENTORY","action":"UPDATE"}
{"timestamp":"2026-05-20T23:25:28.130Z","event":"dataChanged","sizeBytes":459,"entity":"PRODUCT","action":"UPDATE"}
{"timestamp":"2026-05-20T23:26:08.863Z","event":"dataChanged","sizeBytes":396,"entity":"MACHINE","action":"UPDATE"}
{"timestamp":"2026-05-20T23:26:15.289Z","event":"dataChanged","sizeBytes":1861,"entity":"ORDER","action":"UPDATE"}
{"timestamp":"2026-05-20T23:26:15.351Z","event":"dataChanged","sizeBytes":775,"entity":"INVENTORY","action":"UPDATE"}
{"timestamp":"2026-05-20T23:26:16.618Z","event":"dataChanged","sizeBytes":2184,"entity":"PRODUCT","action":"UPDATE"}
{"timestamp":"2026-05-20T23:26:28.056Z","event":"dataChanged","sizeBytes":1381,"entity":"ORDER","action":"UPDATE"}
{"timestamp":"2026-05-20T23:26:28.116Z","event":"dataChanged","sizeBytes":775,"entity":"INVENTORY","action":"UPDATE"}
{"timestamp":"2026-05-20T23:26:29.398Z","event":"dataChanged","sizeBytes":2184,"entity":"PRODUCT","action":"UPDATE"}
{"timestamp":"2026-05-20T23:27:37.426Z","event":"dataChanged","sizeBytes":1829,"entity":"ORDER","action":"UPDATE"}
{"timestamp":"2026-05-20T23:27:37.484Z","event":"dataChanged","sizeBytes":775,"entity":"INVENTORY","action":"UPDATE"}
{"timestamp":"2026-05-20T23:27:39.704Z","event":"dataChanged","sizeBytes":2184,"entity":"PRODUCT","action":"UPDATE"}
{"timestamp":"2026-05-20T23:27:39.753Z","event":"dataChanged","sizeBytes":1420,"entity":"ORDER","action":"UPDATE"}
{"timestamp":"2026-05-20T23:27:39.926Z","event":"dataChanged","sizeBytes":1420,"entity":"ORDER","action":"UPDATE"}
{"timestamp":"2026-05-20T23:27:39.927Z","event":"dataChanged","sizeBytes":775,"entity":"INVENTORY","action":"UPDATE"}
{"timestamp":"2026-05-20T23:27:40.115Z","event":"dataChanged","sizeBytes":1420,"entity":"ORDER","action":"UPDATE"}
{"timestamp":"2026-05-20T23:27:40.178Z","event":"dataChanged","sizeBytes":775,"entity":"INVENTORY","action":"UPDATE"}
{"timestamp":"2026-05-20T23:27:40.240Z","event":"dataChanged","sizeBytes":775,"entity":"INVENTORY","action":"UPDATE"}
{"timestamp":"2026-05-20T23:27:41.804Z","event":"dataChanged","sizeBytes":2184,"entity":"PRODUCT","action":"UPDATE"}
{"timestamp":"2026-05-20T23:27:41.854Z","event":"dataChanged","sizeBytes":2184,"entity":"PRODUCT","action":"UPDATE"}
{"timestamp":"2026-05-20T23:27:42.031Z","event":"dataChanged","sizeBytes":2184,"entity":"PRODUCT","action":"UPDATE"}
{"timestamp":"2026-06-04T02:33:07.745Z","event":"dataChanged","sizeBytes":1086,"entity":"ORDER","action":"UPDATE"}
{"timestamp":"2026-06-04T02:36:03.259Z","event":"dataChanged","sizeBytes":1542,"entity":"ORDER","action":"UPDATE"}
{"timestamp":"2026-06-04T10:53:26.443Z","event":"dataChanged","sizeBytes":1543,"entity":"ORDER","action":"UPDATE"}
{"timestamp":"2026-06-04T10:53:26.508Z","event":"dataChanged","sizeBytes":941,"entity":"INVENTORY","action":"UPDATE"}
{"timestamp":"2026-06-04T10:53:27.575Z","event":"dataChanged","sizeBytes":2621,"entity":"PRODUCT","action":"UPDATE"}
{"timestamp":"2026-06-04T10:53:29.380Z","event":"dataChanged","sizeBytes":1473,"entity":"ORDER","action":"UPDATE"}
{"timestamp":"2026-06-04T10:53:29.444Z","event":"dataChanged","sizeBytes":941,"entity":"INVENTORY","action":"UPDATE"}
{"timestamp":"2026-06-04T10:53:29.681Z","event":"dataChanged","sizeBytes":1473,"entity":"ORDER","action":"UPDATE"}
{"timestamp":"2026-06-04T10:53:29.942Z","event":"dataChanged","sizeBytes":941,"entity":"INVENTORY","action":"UPDATE"}
{"timestamp":"2026-06-04T10:53:30.015Z","event":"dataChanged","sizeBytes":1473,"entity":"ORDER","action":"UPDATE"}
{"timestamp":"2026-06-04T10:53:30.191Z","event":"dataChanged","sizeBytes":941,"entity":"INVENTORY","action":"UPDATE"}
{"timestamp":"2026-06-04T10:53:31.113Z","event":"dataChanged","sizeBytes":2621,"entity":"PRODUCT","action":"UPDATE"}
{"timestamp":"2026-06-04T10:53:31.474Z","event":"dataChanged","sizeBytes":58149,"entity":"ORDER","action":"UPDATE"}
{"timestamp":"2026-06-04T10:53:31.716Z","event":"dataChanged","sizeBytes":2621,"entity":"PRODUCT","action":"UPDATE"}
{"timestamp":"2026-06-04T10:53:31.910Z","event":"dataChanged","sizeBytes":58149,"entity":"ORDER","action":"UPDATE"}
{"timestamp":"2026-06-04T10:53:32.028Z","event":"dataChanged","sizeBytes":2621,"entity":"PRODUCT","action":"UPDATE"}
{"timestamp":"2026-06-04T10:53:32.242Z","event":"dataChanged","sizeBytes":58149,"entity":"ORDER","action":"UPDATE"}
{"timestamp":"2026-06-04T10:53:48.652Z","event":"dataChanged","sizeBytes":1128,"entity":"ORDER","action":"UPDATE"}
{"timestamp":"2026-06-04T10:53:48.716Z","event":"dataChanged","sizeBytes":941,"entity":"INVENTORY","action":"UPDATE"}
{"timestamp":"2026-06-04T10:53:49.563Z","event":"dataChanged","sizeBytes":2621,"entity":"PRODUCT","action":"UPDATE"}
{"timestamp":"2026-06-04T10:54:44.699Z","event":"dataChanged","sizeBytes":1129,"entity":"ORDER","action":"UPDATE"}
{"timestamp":"2026-06-04T10:54:44.782Z","event":"dataChanged","sizeBytes":941,"entity":"INVENTORY","action":"UPDATE"}
{"timestamp":"2026-06-04T10:54:45.647Z","event":"dataChanged","sizeBytes":2621,"entity":"PRODUCT","action":"UPDATE"}
{"timestamp":"2026-06-04T10:54:46.221Z","event":"dataChanged","sizeBytes":1874,"entity":"ORDER","action":"UPDATE"}
{"timestamp":"2026-06-04T10:54:46.309Z","event":"dataChanged","sizeBytes":941,"entity":"INVENTORY","action":"UPDATE"}
{"timestamp":"2026-06-04T10:54:46.501Z","event":"dataChanged","sizeBytes":1874,"entity":"ORDER","action":"UPDATE"}
{"timestamp":"2026-06-04T10:54:46.745Z","event":"dataChanged","sizeBytes":941,"entity":"INVENTORY","action":"UPDATE"}
{"timestamp":"2026-06-04T10:54:46.952Z","event":"dataChanged","sizeBytes":1874,"entity":"ORDER","action":"UPDATE"}
{"timestamp":"2026-06-04T10:54:47.083Z","event":"dataChanged","sizeBytes":941,"entity":"INVENTORY","action":"UPDATE"}
{"timestamp":"2026-06-04T10:54:48.136Z","event":"dataChanged","sizeBytes":2621,"entity":"PRODUCT","action":"UPDATE"}
{"timestamp":"2026-06-04T10:54:48.185Z","event":"dataChanged","sizeBytes":58184,"entity":"ORDER","action":"UPDATE"}
{"timestamp":"2026-06-04T10:54:48.447Z","event":"dataChanged","sizeBytes":58184,"entity":"ORDER","action":"UPDATE"}
{"timestamp":"2026-06-04T10:54:48.510Z","event":"dataChanged","sizeBytes":2621,"entity":"PRODUCT","action":"UPDATE"}
{"timestamp":"2026-06-04T10:54:48.777Z","event":"dataChanged","sizeBytes":58184,"entity":"ORDER","action":"UPDATE"}
{"timestamp":"2026-06-04T10:54:48.840Z","event":"dataChanged","sizeBytes":2621,"entity":"PRODUCT","action":"UPDATE"}
{"timestamp":"2026-06-04T10:55:18.705Z","event":"dataChanged","sizeBytes":1541,"entity":"ORDER","action":"UPDATE"}
{"timestamp":"2026-06-04T10:55:18.770Z","event":"dataChanged","sizeBytes":941,"entity":"INVENTORY","action":"UPDATE"}
{"timestamp":"2026-06-04T10:55:19.489Z","event":"dataChanged","sizeBytes":2621,"entity":"PRODUCT","action":"UPDATE"}
{"timestamp":"2026-06-29T01:01:16.243Z","event":"dataChanged","sizeBytes":576,"entity":"PRODUCT","action":"CREATE"}
{"timestamp":"2026-06-29T01:01:16.291Z","event":"dataChanged","sizeBytes":585,"entity":"PRODUCT","action":"CREATE"}
{"timestamp":"2026-06-29T01:01:16.351Z","event":"dataChanged","sizeBytes":579,"entity":"PRODUCT","action":"CREATE"}
{"timestamp":"2026-06-29T01:32:49.947Z","event":"dataChanged","sizeBytes":153,"entity":"PRODUCT","action":"DELETE"}
{"timestamp":"2026-09-06T08:23:51.596Z","event":"dataChanged","sizeBytes":65,"entity":"WALLET","action":"UPDATE"}
{"timestamp":"2026-09-06T08:28:35.189Z","event":"dataChanged","sizeBytes":65,"entity":"WALLET","action":"UPDATE"}
{"timestamp":"2026-09-06T08:28:36.620Z","event":"dataChanged","sizeBytes":67723,"entity":"ORDER","action":"UPDATE"}
{"timestamp":"2026-09-06T08:28:37.002Z","event":"dataChanged","sizeBytes":561,"entity":"PRODUCT","action":"UPDATE"}
{"timestamp":"2026-09-16T03:24:40.910Z","event":"dataChanged","sizeBytes":260,"entity":"INVENTORY","action":"CREATE"}
{"timestamp":"2026-09-16T03:24:59.461Z","event":"dataChanged","sizeBytes":1417,"entity":"INVENTORY_BATCH","action":"UPDATE"}
{"timestamp":"2026-09-17T02:39:37.507Z","event":"dataChanged","sizeBytes":65,"entity":"WALLET","action":"UPDATE"}
{"timestamp":"2026-09-17T02:39:51.840Z","event":"dataChanged","sizeBytes":65,"entity":"WALLET","action":"UPDATE"}
{"timestamp":"2026-09-17T02:39:53.993Z","event":"dataChanged","sizeBytes":561,"entity":"PRODUCT","action":"UPDATE"}
{"timestamp":"2026-09-17T02:39:54.207Z","event":"dataChanged","sizeBytes":71051,"entity":"ORDER","action":"UPDATE"}
{"timestamp":"2026-09-17T02:41:36.453Z","event":"dataChanged","sizeBytes":65,"entity":"WALLET","action":"UPDATE"}
{"timestamp":"2026-09-17T02:41:39.210Z","event":"dataChanged","sizeBytes":561,"entity":"PRODUCT","action":"UPDATE"}
{"timestamp":"2026-09-17T02:41:39.298Z","event":"dataChanged","sizeBytes":72791,"entity":"ORDER","action":"UPDATE"}
{"timestamp":"2026-09-17T02:58:47.064Z","event":"dataChanged","sizeBytes":655,"entity":"PRODUCT","action":"CREATE"}
{"timestamp":"2026-09-24T01:59:09.981Z","event":"dataChanged","sizeBytes":71,"entity":"WALLET","action":"UPDATE"}
{"timestamp":"2026-09-24T01:59:11.623Z","event":"dataChanged","sizeBytes":69653,"entity":"ORDER","action":"UPDATE"}
{"timestamp":"2026-09-24T01:59:12.033Z","event":"dataChanged","sizeBytes":5232,"entity":"PRODUCT","action":"UPDATE"}
{"timestamp":"2026-10-02T02:20:15.626Z","event":"dataChanged","sizeBytes":71,"entity":"WALLET","action":"UPDATE"}
{"timestamp":"2026-10-02T02:20:17.937Z","event":"dataChanged","sizeBytes":86991,"entity":"ORDER","action":"UPDATE"}
{"timestamp":"2026-10-02T02:20:18.133Z","event":"dataChanged","sizeBytes":5658,"entity":"PRODUCT","action":"UPDATE"}
{"timestamp":"2026-10-04T10:51:03.096Z","event":"dataChanged","sizeBytes":71,"entity":"WALLET","action":"UPDATE"}
{"timestamp":"2026-10-04T10:51:05.070Z","event":"dataChanged","sizeBytes":116621,"entity":"ORDER","action":"UPDATE"}
{"timestamp":"2026-10-04T11:36:06.047Z","event":"dataChanged","sizeBytes":71,"entity":"WALLET","action":"UPDATE"}
{"timestamp":"2026-10-04T11:36:07.618Z","event":"dataChanged","sizeBytes":121501,"entity":"ORDER","action":"UPDATE"}
{"timestamp":"2026-10-04T11:45:01.335Z","event":"dataChanged","sizeBytes":71,"entity":"WALLET","action":"UPDATE"}
{"timestamp":"2026-10-04T11:45:03.063Z","event":"dataChanged","sizeBytes":123941,"entity":"ORDER","action":"UPDATE"}
{"timestamp":"2026-10-04T11:47:25.726Z","event":"dataChanged","sizeBytes":71,"entity":"WALLET","action":"UPDATE"}
{"timestamp":"2026-10-04T11:47:27.290Z","event":"dataChanged","sizeBytes":126381,"entity":"ORDER","action":"UPDATE"}
{"timestamp":"2026-10-04T11:54:29.833Z","event":"dataChanged","sizeBytes":71,"entity":"WALLET","action":"UPDATE"}
{"timestamp":"2026-10-04T11:54:31.405Z","event":"dataChanged","sizeBytes":128821,"entity":"ORDER","action":"UPDATE"}
{"timestamp":"2026-10-04T12:02:14.266Z","event":"dataChanged","sizeBytes":71,"entity":"WALLET","action":"UPDATE"}
{"timestamp":"2026-10-04T12:02:15.834Z","event":"dataChanged","sizeBytes":131261,"entity":"ORDER","action":"UPDATE"}
{"timestamp":"2026-10-04T12:16:53.133Z","event":"dataChanged","sizeBytes":71,"entity":"WALLET","action":"UPDATE"}
{"timestamp":"2026-10-04T12:16:54.734Z","event":"dataChanged","sizeBytes":133776,"entity":"ORDER","action":"UPDATE"}
{"timestamp":"2026-10-04T12:42:08.528Z","event":"dataChanged","sizeBytes":71,"entity":"WALLET","action":"UPDATE"}
{"timestamp":"2026-10-04T12:42:10.270Z","event":"dataChanged","sizeBytes":136226,"entity":"ORDER","action":"UPDATE"}
{"timestamp":"2026-10-04T12:42:15.171Z","event":"dataChanged","sizeBytes":93,"entity":"ORDER","action":"UPDATE"}
{"timestamp":"2026-10-04T12:54:41.984Z","event":"dataChanged","sizeBytes":71,"entity":"WALLET","action":"UPDATE"}
{"timestamp":"2026-10-04T12:54:43.808Z","event":"dataChanged","sizeBytes":139038,"entity":"ORDER","action":"UPDATE"}
{"timestamp":"2026-10-04T12:54:47.848Z","event":"dataChanged","sizeBytes":93,"entity":"ORDER","action":"UPDATE"}
{"timestamp":"2026-10-04T13:05:26.662Z","event":"dataChanged","sizeBytes":71,"entity":"WALLET","action":"UPDATE"}
{"timestamp":"2026-10-04T13:05:28.524Z","event":"dataChanged","sizeBytes":139042,"entity":"ORDER","action":"UPDATE"}
{"timestamp":"2026-10-04T13:37:04.549Z","event":"dataChanged","sizeBytes":71,"entity":"WALLET","action":"UPDATE"}
{"timestamp":"2026-10-04T13:37:06.358Z","event":"dataChanged","sizeBytes":143955,"entity":"ORDER","action":"UPDATE"}
{"timestamp":"2026-10-04T14:50:09.877Z","event":"dataChanged","sizeBytes":122,"entity":"ORDER","action":"UPDATE"}
{"timestamp":"2026-10-04T14:50:10.058Z","event":"dataChanged","sizeBytes":1294,"entity":"INVENTORY","action":"UPDATE"}
{"timestamp":"2026-10-04T14:50:15.174Z","event":"dataChanged","sizeBytes":122,"entity":"ORDER","action":"UPDATE"}
{"timestamp":"2026-10-04T14:50:15.504Z","event":"dataChanged","sizeBytes":1294,"entity":"INVENTORY","action":"UPDATE"}
{"timestamp":"2026-10-04T14:50:16.296Z","event":"dataChanged","sizeBytes":144376,"entity":"ORDER","action":"UPDATE"}
{"timestamp":"2026-10-04T14:50:19.194Z","event":"dataChanged","sizeBytes":6635,"entity":"PRODUCT","action":"UPDATE"}
{"timestamp":"2026-10-04T14:50:22.361Z","event":"dataChanged","sizeBytes":144376,"entity":"ORDER","action":"UPDATE"}
{"timestamp":"2026-10-04T14:50:25.037Z","event":"dataChanged","sizeBytes":6635,"entity":"PRODUCT","action":"UPDATE"}
{"timestamp":"2026-10-05T08:34:44.614Z","event":"dataChanged","sizeBytes":1185,"entity":"ORDER","action":"UPDATE"}
{"timestamp":"2026-10-05T08:47:26.759Z","event":"dataChanged","sizeBytes":71,"entity":"WALLET","action":"UPDATE"}
{"timestamp":"2026-10-05T08:47:30.191Z","event":"dataChanged","sizeBytes":146678,"entity":"ORDER","action":"UPDATE"}
{"timestamp":"2026-10-05T15:20:16.032Z","event":"dataChanged","sizeBytes":57,"entity":"INVENTORY_LOG","action":"CREATE"}
{"timestamp":"2026-10-05T15:20:16.033Z","event":"dataChanged","sizeBytes":234,"entity":"INVENTORY","action":"UPDATE"}
{"timestamp":"2026-10-05T15:20:39.712Z","event":"dataChanged","sizeBytes":57,"entity":"INVENTORY_LOG","action":"CREATE"}
{"timestamp":"2026-10-05T15:20:39.713Z","event":"dataChanged","sizeBytes":229,"entity":"INVENTORY","action":"UPDATE"}
{"timestamp":"2026-10-05T15:21:21.181Z","event":"dataChanged","sizeBytes":1012,"entity":"PRODUCT","action":"UPDATE"}
{"timestamp":"2026-10-05T15:21:21.913Z","event":"dataChanged","sizeBytes":1012,"entity":"PRODUCT","action":"UPDATE"}
{"timestamp":"2026-10-07T15:24:53.833Z","event":"dataChanged","sizeBytes":1012,"entity":"PRODUCT","action":"UPDATE"}
{"timestamp":"2026-10-07T15:25:05.263Z","event":"dataChanged","sizeBytes":1012,"entity":"PRODUCT","action":"UPDATE"}
{"timestamp":"2026-10-07T15:25:21.974Z","event":"dataChanged","sizeBytes":522,"entity":"PRODUCT","action":"CREATE"}
{"timestamp":"2026-10-07T15:25:32.327Z","event":"dataChanged","sizeBytes":153,"entity":"PRODUCT","action":"DELETE"}
{"timestamp":"2026-10-10T07:43:18.583Z","event":"dataChanged","sizeBytes":147694,"entity":"ORDER","action":"UPDATE"}
{"timestamp":"2026-10-10T07:43:55.197Z","event":"dataChanged","sizeBytes":149700,"entity":"ORDER","action":"UPDATE"}
{"timestamp":"2026-10-10T07:43:56.962Z","event":"dataChanged","sizeBytes":151715,"entity":"ORDER","action":"UPDATE"}
{"timestamp":"2026-10-10T07:43:57.857Z","event":"dataChanged","sizeBytes":153735,"entity":"ORDER","action":"UPDATE"}
{"timestamp":"2026-10-10T07:43:59.430Z","event":"dataChanged","sizeBytes":156005,"entity":"ORDER","action":"UPDATE"}
{"timestamp":"2026-10-10T07:44:54.746Z","event":"dataChanged","sizeBytes":153,"entity":"PRODUCT","action":"DELETE"}
{"timestamp":"2026-10-10T07:45:03.246Z","event":"dataChanged","sizeBytes":153,"entity":"PRODUCT","action":"DELETE"}
{"timestamp":"2026-10-10T07:45:22.802Z","event":"dataChanged","sizeBytes":149700,"entity":"ORDER","action":"UPDATE"}
{"timestamp":"2026-10-10T07:45:24.636Z","event":"dataChanged","sizeBytes":151715,"entity":"ORDER","action":"UPDATE"}
{"timestamp":"2026-10-10T07:45:25.615Z","event":"dataChanged","sizeBytes":147694,"entity":"ORDER","action":"UPDATE"}
{"timestamp":"2026-10-10T07:46:00.230Z","event":"dataChanged","sizeBytes":149700,"entity":"ORDER","action":"UPDATE"}
{"timestamp":"2026-10-10T07:46:01.609Z","event":"dataChanged","sizeBytes":153734,"entity":"ORDER","action":"UPDATE"}
{"timestamp":"2026-10-10T07:46:01.960Z","event":"dataChanged","sizeBytes":153735,"entity":"ORDER","action":"UPDATE"}
{"timestamp":"2026-10-10T07:46:04.764Z","event":"dataChanged","sizeBytes":156074,"entity":"ORDER","action":"UPDATE"}
{"timestamp":"2026-10-10T07:46:06.361Z","event":"dataChanged","sizeBytes":124,"entity":"ORDER","action":"UPDATE"}
{"timestamp":"2026-10-10T07:46:06.447Z","event":"dataChanged","sizeBytes":1885,"entity":"INVENTORY","action":"UPDATE"}
{"timestamp":"2026-10-10T07:46:10.332Z","event":"dataChanged","sizeBytes":156274,"entity":"ORDER","action":"UPDATE"}
{"timestamp":"2026-10-10T07:46:10.784Z","event":"dataChanged","sizeBytes":116,"entity":"ORDER","action":"UPDATE"}
{"timestamp":"2026-10-10T07:46:10.871Z","event":"dataChanged","sizeBytes":1885,"entity":"INVENTORY","action":"UPDATE"}
{"timestamp":"2026-10-10T07:46:12.671Z","event":"dataChanged","sizeBytes":6636,"entity":"PRODUCT","action":"UPDATE"}
{"timestamp":"2026-10-10T07:46:14.798Z","event":"dataChanged","sizeBytes":156444,"entity":"ORDER","action":"UPDATE"}
{"timestamp":"2026-10-10T07:46:17.024Z","event":"dataChanged","sizeBytes":6636,"entity":"PRODUCT","action":"UPDATE"}
{"timestamp":"2026-10-10T08:02:16.308Z","event":"dataChanged","sizeBytes":149977,"entity":"ORDER","action":"UPDATE"}
{"timestamp":"2026-10-10T08:07:38.459Z","event":"dataChanged","sizeBytes":116,"entity":"ORDER","action":"UPDATE"}
{"timestamp":"2026-10-10T08:07:38.630Z","event":"dataChanged","sizeBytes":1885,"entity":"INVENTORY","action":"UPDATE"}
{"timestamp":"2026-10-10T08:07:43.512Z","event":"dataChanged","sizeBytes":150146,"entity":"ORDER","action":"UPDATE"}
{"timestamp":"2026-10-10T08:07:45.729Z","event":"dataChanged","sizeBytes":6636,"entity":"PRODUCT","action":"UPDATE"}
{"timestamp":"2026-10-10T08:55:56.563Z","event":"dataChanged","sizeBytes":152152,"entity":"ORDER","action":"UPDATE"}
{"timestamp":"2026-10-10T08:55:58.337Z","event":"dataChanged","sizeBytes":156186,"entity":"ORDER","action":"UPDATE"}
{"timestamp":"2026-10-10T08:55:58.934Z","event":"dataChanged","sizeBytes":156187,"entity":"ORDER","action":"UPDATE"}
{"timestamp":"2026-10-10T08:56:01.541Z","event":"dataChanged","sizeBytes":158526,"entity":"ORDER","action":"UPDATE"}
{"timestamp":"2026-10-10T08:56:02.457Z","event":"dataChanged","sizeBytes":124,"entity":"ORDER","action":"UPDATE"}
{"timestamp":"2026-10-10T08:56:02.542Z","event":"dataChanged","sizeBytes":1885,"entity":"INVENTORY","action":"UPDATE"}
{"timestamp":"2026-10-10T08:56:06.262Z","event":"dataChanged","sizeBytes":116,"entity":"ORDER","action":"UPDATE"}
{"timestamp":"2026-10-10T08:56:06.352Z","event":"dataChanged","sizeBytes":1885,"entity":"INVENTORY","action":"UPDATE"}
{"timestamp":"2026-10-10T08:56:06.611Z","event":"dataChanged","sizeBytes":158726,"entity":"ORDER","action":"UPDATE"}
{"timestamp":"2026-10-10T08:56:08.755Z","event":"dataChanged","sizeBytes":6636,"entity":"PRODUCT","action":"UPDATE"}
{"timestamp":"2026-10-10T08:56:10.766Z","event":"dataChanged","sizeBytes":150146,"entity":"ORDER","action":"UPDATE"}
{"timestamp":"2026-10-10T08:56:12.516Z","event":"dataChanged","sizeBytes":6636,"entity":"PRODUCT","action":"UPDATE"}
{"timestamp":"2026-10-10T08:57:13.417Z","event":"dataChanged","sizeBytes":63,"entity":"WALLET","action":"UPDATE"}
{"timestamp":"2026-10-10T08:57:14.394Z","event":"dataChanged","sizeBytes":152104,"entity":"ORDER","action":"UPDATE"}
{"timestamp":"2026-10-10T09:12:58.080Z","event":"dataChanged","sizeBytes":63,"entity":"WALLET","action":"UPDATE"}
{"timestamp":"2026-10-10T09:12:59.551Z","event":"dataChanged","sizeBytes":154074,"entity":"ORDER","action":"UPDATE"}
{"timestamp":"2026-10-10T09:13:10.501Z","event":"dataChanged","sizeBytes":156080,"entity":"ORDER","action":"UPDATE"}
{"timestamp":"2026-10-10T09:13:12.187Z","event":"dataChanged","sizeBytes":160114,"entity":"ORDER","action":"UPDATE"}
{"timestamp":"2026-10-10T09:13:13.163Z","event":"dataChanged","sizeBytes":160115,"entity":"ORDER","action":"UPDATE"}
{"timestamp":"2026-10-10T09:13:14.840Z","event":"dataChanged","sizeBytes":162454,"entity":"ORDER","action":"UPDATE"}
{"timestamp":"2026-10-10T09:13:16.108Z","event":"dataChanged","sizeBytes":124,"entity":"ORDER","action":"UPDATE"}
{"timestamp":"2026-10-10T09:13:16.368Z","event":"dataChanged","sizeBytes":1885,"entity":"INVENTORY","action":"UPDATE"}
{"timestamp":"2026-10-10T09:13:20.488Z","event":"dataChanged","sizeBytes":116,"entity":"ORDER","action":"UPDATE"}
{"timestamp":"2026-10-10T09:13:20.560Z","event":"dataChanged","sizeBytes":162654,"entity":"ORDER","action":"UPDATE"}
{"timestamp":"2026-10-10T09:13:20.642Z","event":"dataChanged","sizeBytes":1885,"entity":"INVENTORY","action":"UPDATE"}
{"timestamp":"2026-10-10T09:13:23.780Z","event":"dataChanged","sizeBytes":6636,"entity":"PRODUCT","action":"UPDATE"}
{"timestamp":"2026-10-10T09:13:25.385Z","event":"dataChanged","sizeBytes":162824,"entity":"ORDER","action":"UPDATE"}
{"timestamp":"2026-10-10T09:13:27.834Z","event":"dataChanged","sizeBytes":6636,"entity":"PRODUCT","action":"UPDATE"}
{"timestamp":"2026-10-10T09:58:09.138Z","event":"dataChanged","sizeBytes":63,"entity":"WALLET","action":"UPDATE"}
{"timestamp":"2026-10-10T09:58:12.044Z","event":"dataChanged","sizeBytes":156169,"entity":"ORDER","action":"UPDATE"}
{"timestamp":"2026-10-10T09:58:22.162Z","event":"dataChanged","sizeBytes":156080,"entity":"ORDER","action":"UPDATE"}
{"timestamp":"2026-10-10T09:58:23.816Z","event":"dataChanged","sizeBytes":160114,"entity":"ORDER","action":"UPDATE"}
{"timestamp":"2026-10-10T09:58:24.090Z","event":"dataChanged","sizeBytes":160115,"entity":"ORDER","action":"UPDATE"}
{"timestamp":"2026-10-10T09:58:27.270Z","event":"dataChanged","sizeBytes":162454,"entity":"ORDER","action":"UPDATE"}
{"timestamp":"2026-10-10T09:58:28.137Z","event":"dataChanged","sizeBytes":124,"entity":"ORDER","action":"UPDATE"}
{"timestamp":"2026-10-10T09:58:28.224Z","event":"dataChanged","sizeBytes":1885,"entity":"INVENTORY","action":"UPDATE"}
{"timestamp":"2026-10-10T09:58:32.370Z","event":"dataChanged","sizeBytes":162654,"entity":"ORDER","action":"UPDATE"}
{"timestamp":"2026-10-10T09:58:32.615Z","event":"dataChanged","sizeBytes":116,"entity":"ORDER","action":"UPDATE"}
{"timestamp":"2026-10-10T09:58:32.712Z","event":"dataChanged","sizeBytes":1885,"entity":"INVENTORY","action":"UPDATE"}
{"timestamp":"2026-10-10T09:58:35.311Z","event":"dataChanged","sizeBytes":6636,"entity":"PRODUCT","action":"UPDATE"}
{"timestamp":"2026-10-10T09:58:37.277Z","event":"dataChanged","sizeBytes":162824,"entity":"ORDER","action":"UPDATE"}
{"timestamp":"2026-10-10T09:58:39.335Z","event":"dataChanged","sizeBytes":6636,"entity":"PRODUCT","action":"UPDATE"}
{"timestamp":"2026-10-10T10:02:33.005Z","event":"dataChanged","sizeBytes":63,"entity":"WALLET","action":"UPDATE"}
{"timestamp":"2026-10-10T10:02:35.156Z","event":"dataChanged","sizeBytes":156117,"entity":"ORDER","action":"UPDATE"}
{"timestamp":"2026-10-10T10:02:47.879Z","event":"dataChanged","sizeBytes":156080,"entity":"ORDER","action":"UPDATE"}
{"timestamp":"2026-10-10T10:02:49.811Z","event":"dataChanged","sizeBytes":158095,"entity":"ORDER","action":"UPDATE"}
{"timestamp":"2026-10-10T10:02:50.828Z","event":"dataChanged","sizeBytes":160115,"entity":"ORDER","action":"UPDATE"}
{"timestamp":"2026-10-10T10:02:53.323Z","event":"dataChanged","sizeBytes":162454,"entity":"ORDER","action":"UPDATE"}
{"timestamp":"2026-10-10T10:02:54.800Z","event":"dataChanged","sizeBytes":124,"entity":"ORDER","action":"UPDATE"}
{"timestamp":"2026-10-10T10:02:54.889Z","event":"dataChanged","sizeBytes":1885,"entity":"INVENTORY","action":"UPDATE"}
{"timestamp":"2026-10-10T10:02:58.748Z","event":"dataChanged","sizeBytes":162654,"entity":"ORDER","action":"UPDATE"}
{"timestamp":"2026-10-10T10:02:59.003Z","event":"dataChanged","sizeBytes":116,"entity":"ORDER","action":"UPDATE"}
{"timestamp":"2026-10-10T10:02:59.093Z","event":"dataChanged","sizeBytes":1885,"entity":"INVENTORY","action":"UPDATE"}
{"timestamp":"2026-10-10T10:03:01.863Z","event":"dataChanged","sizeBytes":6636,"entity":"PRODUCT","action":"UPDATE"}
{"timestamp":"2026-10-10T10:03:03.900Z","event":"dataChanged","sizeBytes":154074,"entity":"ORDER","action":"UPDATE"}
{"timestamp":"2026-10-10T10:03:05.951Z","event":"dataChanged","sizeBytes":6636,"entity":"PRODUCT","action":"UPDATE"}
{"timestamp":"2026-10-10T11:10:11.731Z","event":"dataChanged","sizeBytes":156312,"entity":"ORDER","action":"UPDATE"}
{"timestamp":"2026-10-10T11:11:22.210Z","event":"dataChanged","sizeBytes":158622,"entity":"ORDER","action":"UPDATE"}
{"timestamp":"2026-10-10T11:11:30.893Z","event":"dataChanged","sizeBytes":160938,"entity":"ORDER","action":"UPDATE"}
{"timestamp":"2026-10-10T11:21:58.090Z","event":"dataChanged","sizeBytes":163254,"entity":"ORDER","action":"UPDATE"}
{"timestamp":"2026-10-10T11:22:00.827Z","event":"dataChanged","sizeBytes":165574,"entity":"ORDER","action":"UPDATE"}
{"timestamp":"2026-10-10T11:23:01.326Z","event":"dataChanged","sizeBytes":122,"entity":"ORDER","action":"UPDATE"}
{"timestamp":"2026-10-10T11:23:01.506Z","event":"dataChanged","sizeBytes":1885,"entity":"INVENTORY","action":"UPDATE"}
{"timestamp":"2026-10-10T11:23:07.534Z","event":"dataChanged","sizeBytes":165761,"entity":"ORDER","action":"UPDATE"}
{"timestamp":"2026-10-10T11:23:10.257Z","event":"dataChanged","sizeBytes":6636,"entity":"PRODUCT","action":"UPDATE"}
{"timestamp":"2026-10-10T12:07:28.223Z","event":"dataChanged","sizeBytes":63,"entity":"WALLET","action":"UPDATE"}
{"timestamp":"2026-10-10T12:07:30.430Z","event":"dataChanged","sizeBytes":167811,"entity":"ORDER","action":"UPDATE"}
{"timestamp":"2026-10-10T12:07:46.806Z","event":"dataChanged","sizeBytes":167767,"entity":"ORDER","action":"UPDATE"}
{"timestamp":"2026-10-10T12:07:49.126Z","event":"dataChanged","sizeBytes":169782,"entity":"ORDER","action":"UPDATE"}
{"timestamp":"2026-10-10T12:07:49.918Z","event":"dataChanged","sizeBytes":171802,"entity":"ORDER","action":"UPDATE"}
{"timestamp":"2026-10-10T12:07:52.744Z","event":"dataChanged","sizeBytes":174141,"entity":"ORDER","action":"UPDATE"}
{"timestamp":"2026-10-10T12:07:53.467Z","event":"dataChanged","sizeBytes":124,"entity":"ORDER","action":"UPDATE"}
{"timestamp":"2026-10-10T12:07:53.817Z","event":"dataChanged","sizeBytes":1885,"entity":"INVENTORY","action":"UPDATE"}
{"timestamp":"2026-10-10T12:07:54.768Z","event":"dataChanged","sizeBytes":116,"entity":"ORDER","action":"UPDATE"}
{"timestamp":"2026-10-10T12:07:54.858Z","event":"dataChanged","sizeBytes":1885,"entity":"INVENTORY","action":"UPDATE"}
{"timestamp":"2026-10-10T12:07:59.184Z","event":"dataChanged","sizeBytes":165761,"entity":"ORDER","action":"UPDATE"}
{"timestamp":"2026-10-10T12:08:01.707Z","event":"dataChanged","sizeBytes":165761,"entity":"ORDER","action":"UPDATE"}
{"timestamp":"2026-10-10T12:08:03.250Z","event":"dataChanged","sizeBytes":6636,"entity":"PRODUCT","action":"UPDATE"}
{"timestamp":"2026-10-10T12:08:04.214Z","event":"dataChanged","sizeBytes":6636,"entity":"PRODUCT","action":"UPDATE"}
{"timestamp":"2026-10-10T12:43:07.136Z","event":"dataChanged","sizeBytes":167798,"entity":"ORDER","action":"UPDATE"}
{"timestamp":"2026-10-10T12:43:07.286Z","event":"dataChanged","sizeBytes":122,"entity":"ORDER","action":"UPDATE"}
{"timestamp":"2026-10-10T12:43:07.459Z","event":"dataChanged","sizeBytes":1885,"entity":"INVENTORY","action":"UPDATE"}
{"timestamp":"2026-10-10T12:43:13.284Z","event":"dataChanged","sizeBytes":167966,"entity":"ORDER","action":"UPDATE"}
{"timestamp":"2026-10-10T12:43:15.397Z","event":"dataChanged","sizeBytes":6636,"entity":"PRODUCT","action":"UPDATE"}
{"timestamp":"2026-10-10T12:43:38.373Z","event":"dataChanged","sizeBytes":170003,"entity":"ORDER","action":"UPDATE"}
{"timestamp":"2026-10-10T12:43:38.472Z","event":"dataChanged","sizeBytes":122,"entity":"ORDER","action":"UPDATE"}
{"timestamp":"2026-10-10T12:43:38.591Z","event":"dataChanged","sizeBytes":1885,"entity":"INVENTORY","action":"UPDATE"}
{"timestamp":"2026-10-10T12:43:40.744Z","event":"dataChanged","sizeBytes":124,"entity":"ORDER","action":"UPDATE"}
{"timestamp":"2026-10-10T12:43:40.846Z","event":"dataChanged","sizeBytes":1885,"entity":"INVENTORY","action":"UPDATE"}
{"timestamp":"2026-10-10T12:43:42.033Z","event":"dataChanged","sizeBytes":116,"entity":"ORDER","action":"UPDATE"}
{"timestamp":"2026-10-10T12:43:42.158Z","event":"dataChanged","sizeBytes":1885,"entity":"INVENTORY","action":"UPDATE"}
{"timestamp":"2026-10-10T12:43:46.519Z","event":"dataChanged","sizeBytes":167966,"entity":"ORDER","action":"UPDATE"}
{"timestamp":"2026-10-10T12:43:49.491Z","event":"dataChanged","sizeBytes":167966,"entity":"ORDER","action":"UPDATE"}
{"timestamp":"2026-10-10T12:43:50.532Z","event":"dataChanged","sizeBytes":167966,"entity":"ORDER","action":"UPDATE"}
{"timestamp":"2026-10-10T12:43:51.336Z","event":"dataChanged","sizeBytes":6636,"entity":"PRODUCT","action":"UPDATE"}
{"timestamp":"2026-10-10T12:43:52.567Z","event":"dataChanged","sizeBytes":6636,"entity":"PRODUCT","action":"UPDATE"}
{"timestamp":"2026-10-10T12:43:53.238Z","event":"dataChanged","sizeBytes":6636,"entity":"PRODUCT","action":"UPDATE"}
{"timestamp":"2026-10-10T12:47:33.153Z","event":"dataChanged","sizeBytes":124,"entity":"ORDER","action":"UPDATE"}
{"timestamp":"2026-10-10T12:47:33.327Z","event":"dataChanged","sizeBytes":1885,"entity":"INVENTORY","action":"UPDATE"}
{"timestamp":"2026-10-10T12:47:39.413Z","event":"dataChanged","sizeBytes":168155,"entity":"ORDER","action":"UPDATE"}
{"timestamp":"2026-10-10T12:47:42.170Z","event":"dataChanged","sizeBytes":6636,"entity":"PRODUCT","action":"UPDATE"}
{"timestamp":"2026-10-10T13:41:01.341Z","event":"dataChanged","sizeBytes":167973,"entity":"ORDER","action":"UPDATE"}
{"timestamp":"2026-10-10T13:41:14.746Z","event":"dataChanged","sizeBytes":122,"entity":"ORDER","action":"UPDATE"}
{"timestamp":"2026-10-10T13:41:14.966Z","event":"dataChanged","sizeBytes":1885,"entity":"INVENTORY","action":"UPDATE"}
{"timestamp":"2026-10-10T13:41:20.453Z","event":"dataChanged","sizeBytes":168159,"entity":"ORDER","action":"UPDATE"}
{"timestamp":"2026-10-10T13:41:23.368Z","event":"dataChanged","sizeBytes":6635,"entity":"PRODUCT","action":"UPDATE"}
{"timestamp":"2026-10-10T14:42:30.565Z","event":"dataChanged","sizeBytes":122,"entity":"ORDER","action":"UPDATE"}
{"timestamp":"2026-10-10T14:42:30.882Z","event":"dataChanged","sizeBytes":1885,"entity":"INVENTORY","action":"UPDATE"}
{"timestamp":"2026-10-10T14:42:32.053Z","event":"dataChanged","sizeBytes":122,"entity":"ORDER","action":"UPDATE"}
{"timestamp":"2026-10-10T14:42:32.178Z","event":"dataChanged","sizeBytes":1885,"entity":"INVENTORY","action":"UPDATE"}
{"timestamp":"2026-10-10T14:42:32.733Z","event":"dataChanged","sizeBytes":122,"entity":"ORDER","action":"UPDATE"}
{"timestamp":"2026-10-10T14:42:32.824Z","event":"dataChanged","sizeBytes":1885,"entity":"INVENTORY","action":"UPDATE"}
{"timestamp":"2026-10-10T14:42:34.546Z","event":"dataChanged","sizeBytes":124,"entity":"ORDER","action":"UPDATE"}
{"timestamp":"2026-10-10T14:42:34.689Z","event":"dataChanged","sizeBytes":1885,"entity":"INVENTORY","action":"UPDATE"}
{"timestamp":"2026-10-10T14:42:35.541Z","event":"dataChanged","sizeBytes":124,"entity":"ORDER","action":"UPDATE"}
{"timestamp":"2026-10-10T14:42:35.910Z","event":"dataChanged","sizeBytes":1885,"entity":"INVENTORY","action":"UPDATE"}
{"timestamp":"2026-10-10T14:42:35.923Z","event":"dataChanged","sizeBytes":124,"entity":"ORDER","action":"UPDATE"}
{"timestamp":"2026-10-10T14:42:36.534Z","event":"dataChanged","sizeBytes":124,"entity":"ORDER","action":"UPDATE"}
{"timestamp":"2026-10-10T14:42:36.620Z","event":"dataChanged","sizeBytes":1885,"entity":"INVENTORY","action":"UPDATE"}
{"timestamp":"2026-10-10T14:42:36.790Z","event":"dataChanged","sizeBytes":1885,"entity":"INVENTORY","action":"UPDATE"}
{"timestamp":"2026-10-10T14:42:37.328Z","event":"dataChanged","sizeBytes":170297,"entity":"ORDER","action":"UPDATE"}
{"timestamp":"2026-10-10T14:42:40.485Z","event":"dataChanged","sizeBytes":170297,"entity":"ORDER","action":"UPDATE"}
{"timestamp":"2026-10-10T14:42:41.818Z","event":"dataChanged","sizeBytes":170297,"entity":"ORDER","action":"UPDATE"}
{"timestamp":"2026-10-10T14:42:43.624Z","event":"dataChanged","sizeBytes":6636,"entity":"PRODUCT","action":"UPDATE"}
{"timestamp":"2026-10-10T14:42:44.843Z","event":"dataChanged","sizeBytes":170297,"entity":"ORDER","action":"UPDATE"}
{"timestamp":"2026-10-10T14:42:46.271Z","event":"dataChanged","sizeBytes":170297,"entity":"ORDER","action":"UPDATE"}
{"timestamp":"2026-10-10T14:42:46.821Z","event":"dataChanged","sizeBytes":170297,"entity":"ORDER","action":"UPDATE"}
{"timestamp":"2026-10-10T14:42:46.901Z","event":"dataChanged","sizeBytes":170297,"entity":"ORDER","action":"UPDATE"}
{"timestamp":"2026-10-10T14:42:46.995Z","event":"dataChanged","sizeBytes":6636,"entity":"PRODUCT","action":"UPDATE"}
{"timestamp":"2026-10-10T14:42:47.857Z","event":"dataChanged","sizeBytes":6635,"entity":"PRODUCT","action":"UPDATE"}
{"timestamp":"2026-10-10T14:42:48.474Z","event":"dataChanged","sizeBytes":116,"entity":"ORDER","action":"UPDATE"}
{"timestamp":"2026-10-10T14:42:48.714Z","event":"dataChanged","sizeBytes":1885,"entity":"INVENTORY","action":"UPDATE"}
{"timestamp":"2026-10-10T14:42:50.883Z","event":"dataChanged","sizeBytes":116,"entity":"ORDER","action":"UPDATE"}
{"timestamp":"2026-10-10T14:42:50.918Z","event":"dataChanged","sizeBytes":6635,"entity":"PRODUCT","action":"UPDATE"}
{"timestamp":"2026-10-10T14:42:51.090Z","event":"dataChanged","sizeBytes":1885,"entity":"INVENTORY","action":"UPDATE"}
{"timestamp":"2026-10-10T14:42:51.702Z","event":"dataChanged","sizeBytes":6635,"entity":"PRODUCT","action":"UPDATE"}
{"timestamp":"2026-10-10T14:42:52.016Z","event":"dataChanged","sizeBytes":6635,"entity":"PRODUCT","action":"UPDATE"}
{"timestamp":"2026-10-10T14:42:52.107Z","event":"dataChanged","sizeBytes":6635,"entity":"PRODUCT","action":"UPDATE"}
{"timestamp":"2026-10-10T14:42:52.137Z","event":"dataChanged","sizeBytes":116,"entity":"ORDER","action":"UPDATE"}
{"timestamp":"2026-10-10T14:42:52.225Z","event":"dataChanged","sizeBytes":1885,"entity":"INVENTORY","action":"UPDATE"}
{"timestamp":"2026-10-10T14:42:52.975Z","event":"dataChanged","sizeBytes":116,"entity":"ORDER","action":"UPDATE"}
{"timestamp":"2026-10-10T14:42:53.093Z","event":"dataChanged","sizeBytes":1885,"entity":"INVENTORY","action":"UPDATE"}
{"timestamp":"2026-10-10T14:42:54.626Z","event":"dataChanged","sizeBytes":116,"entity":"ORDER","action":"UPDATE"}
{"timestamp":"2026-10-10T14:42:54.931Z","event":"dataChanged","sizeBytes":1885,"entity":"INVENTORY","action":"UPDATE"}
{"timestamp":"2026-10-10T14:42:55.251Z","event":"dataChanged","sizeBytes":171076,"entity":"ORDER","action":"UPDATE"}
{"timestamp":"2026-10-10T14:42:56.731Z","event":"dataChanged","sizeBytes":124,"entity":"ORDER","action":"UPDATE"}
{"timestamp":"2026-10-10T14:42:56.940Z","event":"dataChanged","sizeBytes":1885,"entity":"INVENTORY","action":"UPDATE"}
{"timestamp":"2026-10-10T14:42:58.274Z","event":"dataChanged","sizeBytes":171309,"entity":"ORDER","action":"UPDATE"}
{"timestamp":"2026-10-10T14:42:59.696Z","event":"dataChanged","sizeBytes":171309,"entity":"ORDER","action":"UPDATE"}
{"timestamp":"2026-10-10T14:43:01.133Z","event":"dataChanged","sizeBytes":171309,"entity":"ORDER","action":"UPDATE"}
{"timestamp":"2026-10-10T14:43:01.140Z","event":"dataChanged","sizeBytes":6635,"entity":"PRODUCT","action":"UPDATE"}
{"timestamp":"2026-10-10T14:43:06.011Z","event":"dataChanged","sizeBytes":171309,"entity":"ORDER","action":"UPDATE"}
{"timestamp":"2026-10-10T14:43:06.267Z","event":"dataChanged","sizeBytes":6635,"entity":"PRODUCT","action":"UPDATE"}
{"timestamp":"2026-10-10T14:43:07.915Z","event":"dataChanged","sizeBytes":6635,"entity":"PRODUCT","action":"UPDATE"}
{"timestamp":"2026-10-10T14:43:08.446Z","event":"dataChanged","sizeBytes":171309,"entity":"ORDER","action":"UPDATE"}
{"timestamp":"2026-10-10T14:43:10.506Z","event":"dataChanged","sizeBytes":6635,"entity":"PRODUCT","action":"UPDATE"}
{"timestamp":"2026-10-10T14:43:13.693Z","event":"dataChanged","sizeBytes":6635,"entity":"PRODUCT","action":"UPDATE"}
{"timestamp":"2026-10-10T14:43:15.269Z","event":"dataChanged","sizeBytes":6635,"entity":"PRODUCT","action":"UPDATE"}
{"timestamp":"2026-10-10T14:50:02.599Z","event":"dataChanged","sizeBytes":173346,"entity":"ORDER","action":"UPDATE"}
{"timestamp":"2026-10-10T14:50:02.926Z","event":"dataChanged","sizeBytes":122,"entity":"ORDER","action":"UPDATE"}
{"timestamp":"2026-10-10T14:50:03.441Z","event":"dataChanged","sizeBytes":1885,"entity":"INVENTORY","action":"UPDATE"}
{"timestamp":"2026-10-10T14:50:04.638Z","event":"dataChanged","sizeBytes":124,"entity":"ORDER","action":"UPDATE"}
{"timestamp":"2026-10-10T14:50:04.725Z","event":"dataChanged","sizeBytes":1885,"entity":"INVENTORY","action":"UPDATE"}
{"timestamp":"2026-10-10T14:50:05.948Z","event":"dataChanged","sizeBytes":116,"entity":"ORDER","action":"UPDATE"}
{"timestamp":"2026-10-10T14:50:06.110Z","event":"dataChanged","sizeBytes":1885,"entity":"INVENTORY","action":"UPDATE"}
{"timestamp":"2026-10-10T14:50:08.977Z","event":"dataChanged","sizeBytes":173832,"entity":"ORDER","action":"UPDATE"}
{"timestamp":"2026-10-10T14:50:10.545Z","event":"dataChanged","sizeBytes":175850,"entity":"ORDER","action":"UPDATE"}
{"timestamp":"2026-10-10T14:50:11.854Z","event":"dataChanged","sizeBytes":175850,"entity":"ORDER","action":"UPDATE"}
{"timestamp":"2026-10-10T14:50:13.183Z","event":"dataChanged","sizeBytes":6635,"entity":"PRODUCT","action":"UPDATE"}
{"timestamp":"2026-10-10T14:50:13.392Z","event":"dataChanged","sizeBytes":175850,"entity":"ORDER","action":"UPDATE"}
{"timestamp":"2026-10-10T14:50:14.481Z","event":"dataChanged","sizeBytes":6635,"entity":"PRODUCT","action":"UPDATE"}
{"timestamp":"2026-10-10T14:50:15.652Z","event":"dataChanged","sizeBytes":6635,"entity":"PRODUCT","action":"UPDATE"}
{"timestamp":"2026-10-10T14:51:20.598Z","event":"dataChanged","sizeBytes":177887,"entity":"ORDER","action":"UPDATE"}
{"timestamp":"2026-10-10T14:51:20.839Z","event":"dataChanged","sizeBytes":122,"entity":"ORDER","action":"UPDATE"}
{"timestamp":"2026-10-10T14:51:21.125Z","event":"dataChanged","sizeBytes":1885,"entity":"INVENTORY","action":"UPDATE"}
{"timestamp":"2026-10-10T14:51:21.905Z","event":"dataChanged","sizeBytes":124,"entity":"ORDER","action":"UPDATE"}
{"timestamp":"2026-10-10T14:51:21.992Z","event":"dataChanged","sizeBytes":1885,"entity":"INVENTORY","action":"UPDATE"}
{"timestamp":"2026-10-10T14:51:22.838Z","event":"dataChanged","sizeBytes":116,"entity":"ORDER","action":"UPDATE"}
{"timestamp":"2026-10-10T14:51:22.938Z","event":"dataChanged","sizeBytes":1885,"entity":"INVENTORY","action":"UPDATE"}
{"timestamp":"2026-10-10T14:51:26.576Z","event":"dataChanged","sizeBytes":180390,"entity":"ORDER","action":"UPDATE"}
{"timestamp":"2026-10-10T14:51:27.096Z","event":"dataChanged","sizeBytes":180391,"entity":"ORDER","action":"UPDATE"}
{"timestamp":"2026-10-10T14:51:28.573Z","event":"dataChanged","sizeBytes":175850,"entity":"ORDER","action":"UPDATE"}
{"timestamp":"2026-10-10T14:51:29.618Z","event":"dataChanged","sizeBytes":175850,"entity":"ORDER","action":"UPDATE"}
{"timestamp":"2026-10-10T14:51:30.356Z","event":"dataChanged","sizeBytes":6635,"entity":"PRODUCT","action":"UPDATE"}
{"timestamp":"2026-10-10T14:51:31.241Z","event":"dataChanged","sizeBytes":6635,"entity":"PRODUCT","action":"UPDATE"}
{"timestamp":"2026-10-10T14:51:32.075Z","event":"dataChanged","sizeBytes":6635,"entity":"PRODUCT","action":"UPDATE"}
{"timestamp":"2026-10-10T15:09:14.293Z","event":"dataChanged","sizeBytes":122,"entity":"ORDER","action":"UPDATE"}
{"timestamp":"2026-10-10T15:09:14.376Z","event":"dataChanged","sizeBytes":1885,"entity":"INVENTORY","action":"UPDATE"}
{"timestamp":"2026-10-10T15:09:17.106Z","event":"dataChanged","sizeBytes":122,"entity":"ORDER","action":"UPDATE"}
{"timestamp":"2026-10-10T15:09:17.797Z","event":"dataChanged","sizeBytes":1885,"entity":"INVENTORY","action":"UPDATE"}
{"timestamp":"2026-10-10T15:09:19.011Z","event":"dataChanged","sizeBytes":175120,"entity":"ORDER","action":"UPDATE"}
{"timestamp":"2026-10-10T15:09:19.792Z","event":"dataChanged","sizeBytes":122,"entity":"ORDER","action":"UPDATE"}
{"timestamp":"2026-10-10T15:09:19.929Z","event":"dataChanged","sizeBytes":1885,"entity":"INVENTORY","action":"UPDATE"}
{"timestamp":"2026-10-10T15:09:21.900Z","event":"dataChanged","sizeBytes":6635,"entity":"PRODUCT","action":"UPDATE"}
{"timestamp":"2026-10-10T15:09:23.507Z","event":"dataChanged","sizeBytes":175292,"entity":"ORDER","action":"UPDATE"}
{"timestamp":"2026-10-10T15:09:24.300Z","event":"dataChanged","sizeBytes":124,"entity":"ORDER","action":"UPDATE"}
{"timestamp":"2026-10-10T15:09:24.423Z","event":"dataChanged","sizeBytes":1885,"entity":"INVENTORY","action":"UPDATE"}
{"timestamp":"2026-10-10T15:09:25.028Z","event":"dataChanged","sizeBytes":175472,"entity":"ORDER","action":"UPDATE"}
{"timestamp":"2026-10-10T15:09:26.457Z","event":"dataChanged","sizeBytes":6635,"entity":"PRODUCT","action":"UPDATE"}
{"timestamp":"2026-10-10T15:09:27.287Z","event":"dataChanged","sizeBytes":6635,"entity":"PRODUCT","action":"UPDATE"}
{"timestamp":"2026-10-10T15:09:28.831Z","event":"dataChanged","sizeBytes":175472,"entity":"ORDER","action":"UPDATE"}
{"timestamp":"2026-10-10T15:09:30.545Z","event":"dataChanged","sizeBytes":6635,"entity":"PRODUCT","action":"UPDATE"}
{"timestamp":"2026-10-10T15:30:26.516Z","event":"dataChanged","sizeBytes":116,"entity":"ORDER","action":"UPDATE"}
{"timestamp":"2026-10-10T15:30:26.750Z","event":"dataChanged","sizeBytes":1885,"entity":"INVENTORY","action":"UPDATE"}
{"timestamp":"2026-10-10T15:30:31.164Z","event":"dataChanged","sizeBytes":175631,"entity":"ORDER","action":"UPDATE"}
{"timestamp":"2026-10-10T15:30:32.969Z","event":"dataChanged","sizeBytes":6635,"entity":"PRODUCT","action":"UPDATE"}
{"timestamp":"2026-10-10T15:45:43.504Z","event":"dataChanged","sizeBytes":177668,"entity":"ORDER","action":"UPDATE"}
{"timestamp":"2026-10-10T15:45:43.565Z","event":"dataChanged","sizeBytes":122,"entity":"ORDER","action":"UPDATE"}
{"timestamp":"2026-10-10T15:45:43.651Z","event":"dataChanged","sizeBytes":1885,"entity":"INVENTORY","action":"UPDATE"}
{"timestamp":"2026-10-10T15:45:45.081Z","event":"dataChanged","sizeBytes":124,"entity":"ORDER","action":"UPDATE"}
{"timestamp":"2026-10-10T15:45:45.170Z","event":"dataChanged","sizeBytes":1885,"entity":"INVENTORY","action":"UPDATE"}
{"timestamp":"2026-10-10T15:45:46.047Z","event":"dataChanged","sizeBytes":116,"entity":"ORDER","action":"UPDATE"}
{"timestamp":"2026-10-10T15:45:46.146Z","event":"dataChanged","sizeBytes":1885,"entity":"INVENTORY","action":"UPDATE"}
{"timestamp":"2026-10-10T15:45:49.926Z","event":"dataChanged","sizeBytes":180171,"entity":"ORDER","action":"UPDATE"}
{"timestamp":"2026-10-10T15:45:50.201Z","event":"dataChanged","sizeBytes":180172,"entity":"ORDER","action":"UPDATE"}
{"timestamp":"2026-10-10T15:45:52.406Z","event":"dataChanged","sizeBytes":175631,"entity":"ORDER","action":"UPDATE"}
{"timestamp":"2026-10-10T15:45:53.466Z","event":"dataChanged","sizeBytes":175631,"entity":"ORDER","action":"UPDATE"}
{"timestamp":"2026-10-10T15:45:53.924Z","event":"dataChanged","sizeBytes":6635,"entity":"PRODUCT","action":"UPDATE"}
{"timestamp":"2026-10-10T15:45:54.799Z","event":"dataChanged","sizeBytes":6635,"entity":"PRODUCT","action":"UPDATE"}
{"timestamp":"2026-10-10T15:45:55.481Z","event":"dataChanged","sizeBytes":6635,"entity":"PRODUCT","action":"UPDATE"}
{"timestamp":"2026-10-10T15:56:35.270Z","event":"dataChanged","sizeBytes":177848,"entity":"ORDER","action":"UPDATE"}
{"timestamp":"2026-10-10T16:58:58.773Z","event":"dataChanged","sizeBytes":122,"entity":"ORDER","action":"UPDATE"}
{"timestamp":"2026-10-10T16:58:58.858Z","event":"dataChanged","sizeBytes":1885,"entity":"INVENTORY","action":"UPDATE"}
{"timestamp":"2026-10-10T16:59:02.981Z","event":"dataChanged","sizeBytes":178032,"entity":"ORDER","action":"UPDATE"}
{"timestamp":"2026-10-10T16:59:05.197Z","event":"dataChanged","sizeBytes":6635,"entity":"PRODUCT","action":"UPDATE"}
{"timestamp":"2026-10-10T16:59:09.908Z","event":"dataChanged","sizeBytes":124,"entity":"ORDER","action":"UPDATE"}
{"timestamp":"2026-10-10T16:59:09.993Z","event":"dataChanged","sizeBytes":1885,"entity":"INVENTORY","action":"UPDATE"}
{"timestamp":"2026-10-10T16:59:13.646Z","event":"dataChanged","sizeBytes":178223,"entity":"ORDER","action":"UPDATE"}
{"timestamp":"2026-10-10T16:59:15.688Z","event":"dataChanged","sizeBytes":6635,"entity":"PRODUCT","action":"UPDATE"}
{"timestamp":"2026-10-10T17:04:58.867Z","event":"dataChanged","sizeBytes":511,"entity":"PRODUCT","action":"CREATE"}
{"timestamp":"2026-10-10T17:05:08.008Z","event":"dataChanged","sizeBytes":153,"entity":"PRODUCT","action":"DELETE"}
{"timestamp":"2026-10-10T17:19:12.530Z","event":"dataChanged","sizeBytes":613,"entity":"PRODUCT","action":"CREATE"}
{"timestamp":"2026-10-10T17:19:25.218Z","event":"dataChanged","sizeBytes":153,"entity":"PRODUCT","action":"DELETE"}
